#! /usr/bin/vvp
:ivl_version "12.0 (stable)";
:ivl_delay_selection "TYPICAL";
:vpi_time_precision - 12;
:vpi_module "/usr/lib/x86_64-linux-gnu/ivl/system.vpi";
:vpi_module "/usr/lib/x86_64-linux-gnu/ivl/vhdl_sys.vpi";
:vpi_module "/usr/lib/x86_64-linux-gnu/ivl/vhdl_textio.vpi";
:vpi_module "/usr/lib/x86_64-linux-gnu/ivl/v2005_math.vpi";
:vpi_module "/usr/lib/x86_64-linux-gnu/ivl/va_math.vpi";
S_0x5ba93d50f490 .scope module, "tb_traffic_light" "tb_traffic_light" 2 3;
 .timescale -9 -12;
v0x5ba93d55e550_0 .var "clk", 0 0;
v0x5ba93d55e5f0_0 .net "light", 2 0, v0x5ba93d55e140_0;  1 drivers
v0x5ba93d55e6c0_0 .var "reset", 0 0;
S_0x5ba93d50f620 .scope module, "uut" "traffic_light" 2 10, 3 1 0, S_0x5ba93d50f490;
 .timescale 0 0;
    .port_info 0 /INPUT 1 "clk";
    .port_info 1 /INPUT 1 "reset";
    .port_info 2 /OUTPUT 3 "light";
P_0x5ba93d50f800 .param/l "GREEN" 0 3 8, C4<01>;
P_0x5ba93d50f840 .param/l "RED" 0 3 7, C4<00>;
P_0x5ba93d50f880 .param/l "YELLOW" 0 3 9, C4<10>;
v0x5ba93d535d40_0 .net "clk", 0 0, v0x5ba93d55e550_0;  1 drivers
v0x5ba93d55e140_0 .var "light", 2 0;
v0x5ba93d55e220_0 .var "next_state", 1 0;
v0x5ba93d55e2e0_0 .net "reset", 0 0, v0x5ba93d55e6c0_0;  1 drivers
v0x5ba93d55e3a0_0 .var "state", 1 0;
E_0x5ba93d54b8a0 .event anyedge, v0x5ba93d55e3a0_0;
E_0x5ba93d54bd60 .event posedge, v0x5ba93d55e2e0_0, v0x5ba93d535d40_0;
    .scope S_0x5ba93d50f620;
T_0 ;
    %wait E_0x5ba93d54bd60;
    %load/vec4 v0x5ba93d55e2e0_0;
    %flag_set/vec4 8;
    %jmp/0xz  T_0.0, 8;
    %pushi/vec4 0, 0, 2;
    %assign/vec4 v0x5ba93d55e3a0_0, 0;
    %jmp T_0.1;
T_0.0 ;
    %load/vec4 v0x5ba93d55e220_0;
    %assign/vec4 v0x5ba93d55e3a0_0, 0;
T_0.1 ;
    %jmp T_0;
    .thread T_0;
    .scope S_0x5ba93d50f620;
T_1 ;
    %wait E_0x5ba93d54b8a0;
    %load/vec4 v0x5ba93d55e3a0_0;
    %dup/vec4;
    %pushi/vec4 0, 0, 2;
    %cmp/u;
    %jmp/1 T_1.0, 6;
    %dup/vec4;
    %pushi/vec4 1, 0, 2;
    %cmp/u;
    %jmp/1 T_1.1, 6;
    %dup/vec4;
    %pushi/vec4 2, 0, 2;
    %cmp/u;
    %jmp/1 T_1.2, 6;
    %pushi/vec4 0, 0, 2;
    %store/vec4 v0x5ba93d55e220_0, 0, 2;
    %jmp T_1.4;
T_1.0 ;
    %pushi/vec4 1, 0, 2;
    %store/vec4 v0x5ba93d55e220_0, 0, 2;
    %jmp T_1.4;
T_1.1 ;
    %pushi/vec4 2, 0, 2;
    %store/vec4 v0x5ba93d55e220_0, 0, 2;
    %jmp T_1.4;
T_1.2 ;
    %pushi/vec4 0, 0, 2;
    %store/vec4 v0x5ba93d55e220_0, 0, 2;
    %jmp T_1.4;
T_1.4 ;
    %pop/vec4 1;
    %jmp T_1;
    .thread T_1, $push;
    .scope S_0x5ba93d50f620;
T_2 ;
    %wait E_0x5ba93d54b8a0;
    %load/vec4 v0x5ba93d55e3a0_0;
    %dup/vec4;
    %pushi/vec4 0, 0, 2;
    %cmp/u;
    %jmp/1 T_2.0, 6;
    %dup/vec4;
    %pushi/vec4 1, 0, 2;
    %cmp/u;
    %jmp/1 T_2.1, 6;
    %dup/vec4;
    %pushi/vec4 2, 0, 2;
    %cmp/u;
    %jmp/1 T_2.2, 6;
    %pushi/vec4 4, 0, 3;
    %store/vec4 v0x5ba93d55e140_0, 0, 3;
    %jmp T_2.4;
T_2.0 ;
    %pushi/vec4 4, 0, 3;
    %store/vec4 v0x5ba93d55e140_0, 0, 3;
    %jmp T_2.4;
T_2.1 ;
    %pushi/vec4 1, 0, 3;
    %store/vec4 v0x5ba93d55e140_0, 0, 3;
    %jmp T_2.4;
T_2.2 ;
    %pushi/vec4 2, 0, 3;
    %store/vec4 v0x5ba93d55e140_0, 0, 3;
    %jmp T_2.4;
T_2.4 ;
    %pop/vec4 1;
    %jmp T_2;
    .thread T_2, $push;
    .scope S_0x5ba93d50f490;
T_3 ;
    %delay 5000, 0;
    %load/vec4 v0x5ba93d55e550_0;
    %inv;
    %store/vec4 v0x5ba93d55e550_0, 0, 1;
    %jmp T_3;
    .thread T_3;
    .scope S_0x5ba93d50f490;
T_4 ;
    %vpi_call 2 22 "$dumpfile", "traffic_light.vcd" {0 0 0};
    %vpi_call 2 23 "$dumpvars", 32'sb00000000000000000000000000000000, S_0x5ba93d50f490 {0 0 0};
    %end;
    .thread T_4;
    .scope S_0x5ba93d50f490;
T_5 ;
    %pushi/vec4 0, 0, 1;
    %store/vec4 v0x5ba93d55e550_0, 0, 1;
    %pushi/vec4 1, 0, 1;
    %store/vec4 v0x5ba93d55e6c0_0, 0, 1;
    %delay 10000, 0;
    %pushi/vec4 0, 0, 1;
    %store/vec4 v0x5ba93d55e6c0_0, 0, 1;
    %delay 60000, 0;
    %vpi_call 2 35 "$finish" {0 0 0};
    %end;
    .thread T_5;
# The file index is used to find the file name in the following table.
:file_names 4;
    "N/A";
    "<interactive>";
    "testbench/tb_traffic_light.v";
    "src/traffic_light.v";
