#! /usr/bin/vvp
:ivl_version "12.0 (stable)";
:ivl_delay_selection "TYPICAL";
:vpi_time_precision - 12;
:vpi_module "/usr/lib/x86_64-linux-gnu/ivl/system.vpi";
:vpi_module "/usr/lib/x86_64-linux-gnu/ivl/vhdl_sys.vpi";
:vpi_module "/usr/lib/x86_64-linux-gnu/ivl/vhdl_textio.vpi";
:vpi_module "/usr/lib/x86_64-linux-gnu/ivl/v2005_math.vpi";
:vpi_module "/usr/lib/x86_64-linux-gnu/ivl/va_math.vpi";
S_0x6479dae2a3d0 .scope module, "tb_sequence_detector" "tb_sequence_detector" 2 3;
 .timescale -9 -12;
v0x6479dae40070_0 .var "clk", 0 0;
v0x6479dae40130_0 .net "detected", 0 0, v0x6479dae3fb90_0;  1 drivers
v0x6479dae40200_0 .var "in", 0 0;
v0x6479dae40300_0 .var "reset", 0 0;
S_0x6479dae2a560 .scope module, "uut" "sequence_detector" 2 11, 3 1 0, S_0x6479dae2a3d0;
 .timescale 0 0;
    .port_info 0 /INPUT 1 "clk";
    .port_info 1 /INPUT 1 "reset";
    .port_info 2 /INPUT 1 "in";
    .port_info 3 /OUTPUT 1 "detected";
P_0x6479daded490 .param/l "S0" 0 3 8, C4<000>;
P_0x6479daded4d0 .param/l "S1" 0 3 9, C4<001>;
P_0x6479daded510 .param/l "S2" 0 3 10, C4<010>;
P_0x6479daded550 .param/l "S3" 0 3 11, C4<011>;
P_0x6479daded590 .param/l "S4" 0 3 12, C4<100>;
v0x6479dae2aa30_0 .net "clk", 0 0, v0x6479dae40070_0;  1 drivers
v0x6479dae3fb90_0 .var "detected", 0 0;
v0x6479dae3fc50_0 .net "in", 0 0, v0x6479dae40200_0;  1 drivers
v0x6479dae3fd20_0 .var "next_state", 2 0;
v0x6479dae3fe00_0 .net "reset", 0 0, v0x6479dae40300_0;  1 drivers
v0x6479dae3ff10_0 .var "state", 2 0;
E_0x6479dae26de0 .event anyedge, v0x6479dae3ff10_0;
E_0x6479dadedb40 .event anyedge, v0x6479dae3ff10_0, v0x6479dae3fc50_0;
E_0x6479dae26c60 .event posedge, v0x6479dae3fe00_0, v0x6479dae2aa30_0;
    .scope S_0x6479dae2a560;
T_0 ;
    %wait E_0x6479dae26c60;
    %load/vec4 v0x6479dae3fe00_0;
    %flag_set/vec4 8;
    %jmp/0xz  T_0.0, 8;
    %pushi/vec4 0, 0, 3;
    %assign/vec4 v0x6479dae3ff10_0, 0;
    %jmp T_0.1;
T_0.0 ;
    %load/vec4 v0x6479dae3fd20_0;
    %assign/vec4 v0x6479dae3ff10_0, 0;
T_0.1 ;
    %jmp T_0;
    .thread T_0;
    .scope S_0x6479dae2a560;
T_1 ;
    %wait E_0x6479dadedb40;
    %load/vec4 v0x6479dae3ff10_0;
    %dup/vec4;
    %pushi/vec4 0, 0, 3;
    %cmp/u;
    %jmp/1 T_1.0, 6;
    %dup/vec4;
    %pushi/vec4 1, 0, 3;
    %cmp/u;
    %jmp/1 T_1.1, 6;
    %dup/vec4;
    %pushi/vec4 2, 0, 3;
    %cmp/u;
    %jmp/1 T_1.2, 6;
    %dup/vec4;
    %pushi/vec4 3, 0, 3;
    %cmp/u;
    %jmp/1 T_1.3, 6;
    %dup/vec4;
    %pushi/vec4 4, 0, 3;
    %cmp/u;
    %jmp/1 T_1.4, 6;
    %pushi/vec4 0, 0, 3;
    %store/vec4 v0x6479dae3fd20_0, 0, 3;
    %jmp T_1.6;
T_1.0 ;
    %load/vec4 v0x6479dae3fc50_0;
    %flag_set/vec4 8;
    %jmp/0xz  T_1.7, 8;
    %pushi/vec4 1, 0, 3;
    %store/vec4 v0x6479dae3fd20_0, 0, 3;
    %jmp T_1.8;
T_1.7 ;
    %pushi/vec4 0, 0, 3;
    %store/vec4 v0x6479dae3fd20_0, 0, 3;
T_1.8 ;
    %jmp T_1.6;
T_1.1 ;
    %load/vec4 v0x6479dae3fc50_0;
    %flag_set/vec4 8;
    %jmp/0xz  T_1.9, 8;
    %pushi/vec4 1, 0, 3;
    %store/vec4 v0x6479dae3fd20_0, 0, 3;
    %jmp T_1.10;
T_1.9 ;
    %pushi/vec4 2, 0, 3;
    %store/vec4 v0x6479dae3fd20_0, 0, 3;
T_1.10 ;
    %jmp T_1.6;
T_1.2 ;
    %load/vec4 v0x6479dae3fc50_0;
    %flag_set/vec4 8;
    %jmp/0xz  T_1.11, 8;
    %pushi/vec4 3, 0, 3;
    %store/vec4 v0x6479dae3fd20_0, 0, 3;
    %jmp T_1.12;
T_1.11 ;
    %pushi/vec4 0, 0, 3;
    %store/vec4 v0x6479dae3fd20_0, 0, 3;
T_1.12 ;
    %jmp T_1.6;
T_1.3 ;
    %load/vec4 v0x6479dae3fc50_0;
    %flag_set/vec4 8;
    %jmp/0xz  T_1.13, 8;
    %pushi/vec4 4, 0, 3;
    %store/vec4 v0x6479dae3fd20_0, 0, 3;
    %jmp T_1.14;
T_1.13 ;
    %pushi/vec4 2, 0, 3;
    %store/vec4 v0x6479dae3fd20_0, 0, 3;
T_1.14 ;
    %jmp T_1.6;
T_1.4 ;
    %load/vec4 v0x6479dae3fc50_0;
    %flag_set/vec4 8;
    %jmp/0xz  T_1.15, 8;
    %pushi/vec4 1, 0, 3;
    %store/vec4 v0x6479dae3fd20_0, 0, 3;
    %jmp T_1.16;
T_1.15 ;
    %pushi/vec4 2, 0, 3;
    %store/vec4 v0x6479dae3fd20_0, 0, 3;
T_1.16 ;
    %jmp T_1.6;
T_1.6 ;
    %pop/vec4 1;
    %jmp T_1;
    .thread T_1, $push;
    .scope S_0x6479dae2a560;
T_2 ;
    %wait E_0x6479dae26de0;
    %load/vec4 v0x6479dae3ff10_0;
    %cmpi/e 4, 0, 3;
    %jmp/0xz  T_2.0, 4;
    %pushi/vec4 1, 0, 1;
    %store/vec4 v0x6479dae3fb90_0, 0, 1;
    %jmp T_2.1;
T_2.0 ;
    %pushi/vec4 0, 0, 1;
    %store/vec4 v0x6479dae3fb90_0, 0, 1;
T_2.1 ;
    %jmp T_2;
    .thread T_2, $push;
    .scope S_0x6479dae2a3d0;
T_3 ;
    %delay 5000, 0;
    %load/vec4 v0x6479dae40070_0;
    %inv;
    %store/vec4 v0x6479dae40070_0, 0, 1;
    %jmp T_3;
    .thread T_3;
    .scope S_0x6479dae2a3d0;
T_4 ;
    %vpi_call 2 24 "$dumpfile", "sequence_detector.vcd" {0 0 0};
    %vpi_call 2 25 "$dumpvars", 32'sb00000000000000000000000000000000, S_0x6479dae2a3d0 {0 0 0};
    %end;
    .thread T_4;
    .scope S_0x6479dae2a3d0;
T_5 ;
    %pushi/vec4 0, 0, 1;
    %store/vec4 v0x6479dae40070_0, 0, 1;
    %pushi/vec4 1, 0, 1;
    %store/vec4 v0x6479dae40300_0, 0, 1;
    %pushi/vec4 0, 0, 1;
    %store/vec4 v0x6479dae40200_0, 0, 1;
    %delay 10000, 0;
    %pushi/vec4 0, 0, 1;
    %store/vec4 v0x6479dae40300_0, 0, 1;
    %delay 10000, 0;
    %pushi/vec4 1, 0, 1;
    %store/vec4 v0x6479dae40200_0, 0, 1;
    %delay 10000, 0;
    %pushi/vec4 0, 0, 1;
    %store/vec4 v0x6479dae40200_0, 0, 1;
    %delay 10000, 0;
    %pushi/vec4 1, 0, 1;
    %store/vec4 v0x6479dae40200_0, 0, 1;
    %delay 10000, 0;
    %pushi/vec4 1, 0, 1;
    %store/vec4 v0x6479dae40200_0, 0, 1;
    %delay 20000, 0;
    %pushi/vec4 0, 0, 1;
    %store/vec4 v0x6479dae40200_0, 0, 1;
    %delay 20000, 0;
    %vpi_call 2 44 "$finish" {0 0 0};
    %end;
    .thread T_5;
# The file index is used to find the file name in the following table.
:file_names 4;
    "N/A";
    "<interactive>";
    "testbench/tb_sequence_detector.v";
    "src/sequence_detector.v";
