#! /usr/bin/vvp
:ivl_version "12.0 (stable)";
:ivl_delay_selection "TYPICAL";
:vpi_time_precision - 12;
:vpi_module "/usr/lib/x86_64-linux-gnu/ivl/system.vpi";
:vpi_module "/usr/lib/x86_64-linux-gnu/ivl/vhdl_sys.vpi";
:vpi_module "/usr/lib/x86_64-linux-gnu/ivl/vhdl_textio.vpi";
:vpi_module "/usr/lib/x86_64-linux-gnu/ivl/v2005_math.vpi";
:vpi_module "/usr/lib/x86_64-linux-gnu/ivl/va_math.vpi";
S_0x6493113d5080 .scope module, "tb_moore_fsm" "tb_moore_fsm" 2 3;
 .timescale -9 -12;
v0x6493113e7fa0_0 .var "clk", 0 0;
v0x6493113e8040_0 .var "reset", 0 0;
v0x6493113e8110_0 .net "y", 0 0, v0x6493113e7e10_0;  1 drivers
S_0x6493113d5210 .scope module, "uut" "moore_fsm" 2 8, 3 1 0, S_0x6493113d5080;
 .timescale 0 0;
    .port_info 0 /INPUT 1 "clk";
    .port_info 1 /INPUT 1 "reset";
    .port_info 2 /OUTPUT 1 "y";
P_0x6493113d53f0 .param/l "S0" 0 3 6, C4<00>;
P_0x6493113d5430 .param/l "S1" 0 3 7, C4<01>;
P_0x6493113d5470 .param/l "S2" 0 3 8, C4<10>;
v0x6493113bfcb0_0 .net "clk", 0 0, v0x6493113e7fa0_0;  1 drivers
v0x6493113e7bb0_0 .var "next_state", 1 0;
v0x6493113e7c90_0 .net "reset", 0 0, v0x6493113e8040_0;  1 drivers
v0x6493113e7d30_0 .var "state", 1 0;
v0x6493113e7e10_0 .var "y", 0 0;
E_0x6493113d28a0 .event anyedge, v0x6493113e7d30_0;
E_0x649311399b40 .event posedge, v0x6493113e7c90_0, v0x6493113bfcb0_0;
    .scope S_0x6493113d5210;
T_0 ;
    %wait E_0x649311399b40;
    %load/vec4 v0x6493113e7c90_0;
    %flag_set/vec4 8;
    %jmp/0xz  T_0.0, 8;
    %pushi/vec4 0, 0, 2;
    %assign/vec4 v0x6493113e7d30_0, 0;
    %jmp T_0.1;
T_0.0 ;
    %load/vec4 v0x6493113e7bb0_0;
    %assign/vec4 v0x6493113e7d30_0, 0;
T_0.1 ;
    %jmp T_0;
    .thread T_0;
    .scope S_0x6493113d5210;
T_1 ;
    %wait E_0x6493113d28a0;
    %load/vec4 v0x6493113e7d30_0;
    %dup/vec4;
    %pushi/vec4 0, 0, 2;
    %cmp/u;
    %jmp/1 T_1.0, 6;
    %dup/vec4;
    %pushi/vec4 1, 0, 2;
    %cmp/u;
    %jmp/1 T_1.1, 6;
    %dup/vec4;
    %pushi/vec4 2, 0, 2;
    %cmp/u;
    %jmp/1 T_1.2, 6;
    %pushi/vec4 0, 0, 2;
    %store/vec4 v0x6493113e7bb0_0, 0, 2;
    %jmp T_1.4;
T_1.0 ;
    %pushi/vec4 1, 0, 2;
    %store/vec4 v0x6493113e7bb0_0, 0, 2;
    %jmp T_1.4;
T_1.1 ;
    %pushi/vec4 2, 0, 2;
    %store/vec4 v0x6493113e7bb0_0, 0, 2;
    %jmp T_1.4;
T_1.2 ;
    %pushi/vec4 0, 0, 2;
    %store/vec4 v0x6493113e7bb0_0, 0, 2;
    %jmp T_1.4;
T_1.4 ;
    %pop/vec4 1;
    %jmp T_1;
    .thread T_1, $push;
    .scope S_0x6493113d5210;
T_2 ;
    %wait E_0x6493113d28a0;
    %load/vec4 v0x6493113e7d30_0;
    %dup/vec4;
    %pushi/vec4 0, 0, 2;
    %cmp/u;
    %jmp/1 T_2.0, 6;
    %dup/vec4;
    %pushi/vec4 1, 0, 2;
    %cmp/u;
    %jmp/1 T_2.1, 6;
    %dup/vec4;
    %pushi/vec4 2, 0, 2;
    %cmp/u;
    %jmp/1 T_2.2, 6;
    %pushi/vec4 0, 0, 1;
    %store/vec4 v0x6493113e7e10_0, 0, 1;
    %jmp T_2.4;
T_2.0 ;
    %pushi/vec4 0, 0, 1;
    %store/vec4 v0x6493113e7e10_0, 0, 1;
    %jmp T_2.4;
T_2.1 ;
    %pushi/vec4 1, 0, 1;
    %store/vec4 v0x6493113e7e10_0, 0, 1;
    %jmp T_2.4;
T_2.2 ;
    %pushi/vec4 0, 0, 1;
    %store/vec4 v0x6493113e7e10_0, 0, 1;
    %jmp T_2.4;
T_2.4 ;
    %pop/vec4 1;
    %jmp T_2;
    .thread T_2, $push;
    .scope S_0x6493113d5080;
T_3 ;
    %delay 5000, 0;
    %load/vec4 v0x6493113e7fa0_0;
    %inv;
    %store/vec4 v0x6493113e7fa0_0, 0, 1;
    %jmp T_3;
    .thread T_3;
    .scope S_0x6493113d5080;
T_4 ;
    %vpi_call 2 16 "$dumpfile", "moore.vcd" {0 0 0};
    %vpi_call 2 17 "$dumpvars", 32'sb00000000000000000000000000000000, S_0x6493113d5080 {0 0 0};
    %end;
    .thread T_4;
    .scope S_0x6493113d5080;
T_5 ;
    %pushi/vec4 0, 0, 1;
    %store/vec4 v0x6493113e7fa0_0, 0, 1;
    %pushi/vec4 1, 0, 1;
    %store/vec4 v0x6493113e8040_0, 0, 1;
    %delay 10000, 0;
    %pushi/vec4 0, 0, 1;
    %store/vec4 v0x6493113e8040_0, 0, 1;
    %delay 60000, 0;
    %vpi_call 2 29 "$finish" {0 0 0};
    %end;
    .thread T_5;
# The file index is used to find the file name in the following table.
:file_names 4;
    "N/A";
    "<interactive>";
    "testbench/tb_moore_fsm.v";
    "src/moore_fsm.v";
