#! /usr/bin/vvp
:ivl_version "12.0 (stable)";
:ivl_delay_selection "TYPICAL";
:vpi_time_precision - 12;
:vpi_module "/usr/lib/x86_64-linux-gnu/ivl/system.vpi";
:vpi_module "/usr/lib/x86_64-linux-gnu/ivl/vhdl_sys.vpi";
:vpi_module "/usr/lib/x86_64-linux-gnu/ivl/vhdl_textio.vpi";
:vpi_module "/usr/lib/x86_64-linux-gnu/ivl/v2005_math.vpi";
:vpi_module "/usr/lib/x86_64-linux-gnu/ivl/va_math.vpi";
S_0x569727c09f10 .scope module, "tb_mealy_fsm" "tb_mealy_fsm" 2 3;
 .timescale -9 -12;
v0x569727c1dcc0_0 .var "clk", 0 0;
v0x569727c1dd80_0 .var "in", 0 0;
v0x569727c1de50_0 .net "out", 0 0, v0x569727c1d9a0_0;  1 drivers
v0x569727c1df50_0 .var "reset", 0 0;
S_0x569727c0a0a0 .scope module, "uut" "mealy_fsm" 2 11, 3 1 0, S_0x569727c09f10;
 .timescale 0 0;
    .port_info 0 /INPUT 1 "clk";
    .port_info 1 /INPUT 1 "reset";
    .port_info 2 /INPUT 1 "in";
    .port_info 3 /OUTPUT 1 "out";
v0x569727bce490_0 .net "clk", 0 0, v0x569727c1dcc0_0;  1 drivers
v0x569727c1d8e0_0 .net "in", 0 0, v0x569727c1dd80_0;  1 drivers
v0x569727c1d9a0_0 .var "out", 0 0;
v0x569727c1da70_0 .net "reset", 0 0, v0x569727c1df50_0;  1 drivers
v0x569727c1db30_0 .var "state", 0 0;
E_0x569727bcf060 .event posedge, v0x569727c1da70_0, v0x569727bce490_0;
    .scope S_0x569727c0a0a0;
T_0 ;
    %wait E_0x569727bcf060;
    %load/vec4 v0x569727c1da70_0;
    %flag_set/vec4 8;
    %jmp/0xz  T_0.0, 8;
    %pushi/vec4 0, 0, 1;
    %assign/vec4 v0x569727c1db30_0, 0;
    %pushi/vec4 0, 0, 1;
    %assign/vec4 v0x569727c1d9a0_0, 0;
    %jmp T_0.1;
T_0.0 ;
    %load/vec4 v0x569727c1db30_0;
    %dup/vec4;
    %pushi/vec4 0, 0, 1;
    %cmp/u;
    %jmp/1 T_0.2, 6;
    %dup/vec4;
    %pushi/vec4 1, 0, 1;
    %cmp/u;
    %jmp/1 T_0.3, 6;
    %jmp T_0.4;
T_0.2 ;
    %load/vec4 v0x569727c1d8e0_0;
    %flag_set/vec4 8;
    %jmp/0xz  T_0.5, 8;
    %pushi/vec4 1, 0, 1;
    %assign/vec4 v0x569727c1db30_0, 0;
    %pushi/vec4 0, 0, 1;
    %assign/vec4 v0x569727c1d9a0_0, 0;
T_0.5 ;
    %jmp T_0.4;
T_0.3 ;
    %load/vec4 v0x569727c1d8e0_0;
    %flag_set/vec4 8;
    %jmp/0xz  T_0.7, 8;
    %pushi/vec4 1, 0, 1;
    %assign/vec4 v0x569727c1d9a0_0, 0;
    %jmp T_0.8;
T_0.7 ;
    %pushi/vec4 0, 0, 1;
    %assign/vec4 v0x569727c1db30_0, 0;
    %pushi/vec4 0, 0, 1;
    %assign/vec4 v0x569727c1d9a0_0, 0;
T_0.8 ;
    %jmp T_0.4;
T_0.4 ;
    %pop/vec4 1;
T_0.1 ;
    %jmp T_0;
    .thread T_0;
    .scope S_0x569727c09f10;
T_1 ;
    %delay 5000, 0;
    %load/vec4 v0x569727c1dcc0_0;
    %inv;
    %store/vec4 v0x569727c1dcc0_0, 0, 1;
    %jmp T_1;
    .thread T_1;
    .scope S_0x569727c09f10;
T_2 ;
    %vpi_call 2 22 "$dumpfile", "mealy.vcd" {0 0 0};
    %vpi_call 2 23 "$dumpvars", 32'sb00000000000000000000000000000000, S_0x569727c09f10 {0 0 0};
    %end;
    .thread T_2;
    .scope S_0x569727c09f10;
T_3 ;
    %pushi/vec4 0, 0, 1;
    %store/vec4 v0x569727c1dcc0_0, 0, 1;
    %pushi/vec4 1, 0, 1;
    %store/vec4 v0x569727c1df50_0, 0, 1;
    %pushi/vec4 0, 0, 1;
    %store/vec4 v0x569727c1dd80_0, 0, 1;
    %delay 10000, 0;
    %pushi/vec4 0, 0, 1;
    %store/vec4 v0x569727c1df50_0, 0, 1;
    %delay 10000, 0;
    %pushi/vec4 1, 0, 1;
    %store/vec4 v0x569727c1dd80_0, 0, 1;
    %delay 10000, 0;
    %pushi/vec4 1, 0, 1;
    %store/vec4 v0x569727c1dd80_0, 0, 1;
    %delay 10000, 0;
    %pushi/vec4 0, 0, 1;
    %store/vec4 v0x569727c1dd80_0, 0, 1;
    %delay 10000, 0;
    %pushi/vec4 1, 0, 1;
    %store/vec4 v0x569727c1dd80_0, 0, 1;
    %delay 10000, 0;
    %pushi/vec4 1, 0, 1;
    %store/vec4 v0x569727c1dd80_0, 0, 1;
    %delay 20000, 0;
    %vpi_call 2 40 "$finish" {0 0 0};
    %end;
    .thread T_3;
# The file index is used to find the file name in the following table.
:file_names 4;
    "N/A";
    "<interactive>";
    "testbench/tb_mealy_fsm.v";
    "src/mealy_fsm.v";
